# 모델 점검 — 수집 2026-09-28, 시즌 m-6

op.gg 포켓몬 통계 262종 · 레플리카 싱글 팀 519개 · 상대 개체 340

## 조우 가중 상위 20 (대표 세트)
```
 5.40%  한카리아스 [물리 공격형] @ 기합의띠 | 특성:까칠한피부 | 명랑 | H2 A32 S32 | 스텔스록, 지진, 스케일샷, 역린
 4.03%  누리레느 [비정형(투자 불일치)] @ 자뭉열매 | 특성:급류 | 조심 | H32 B2 C32 | 물거품아리아, 문포스, 아쿠아제트, 앙코르
 3.04%  따라큐 [물리 공격형] @ 생명의구슬 | 특성:탈 | 고집 | H1 A32 B1 S32 | 치근거리기, 섀도클로, 야습, 칼춤
 2.95%  브리두라스 [특수 공격형] @ 자뭉열매 | 특성:지구력 | 조심 | H2 C32 S32 | 러스터캐논, 용성군, 10만볼트, 파동탄
 2.69%  마스카나 [물리 공격형] @ 구애스카프 | 특성:변환자재 | 명랑 | H2 A32 S32 | 트릭플라워, 탁쳐서떨구기, 트리플악셀, 유턴
 2.42%  메가메타그로스 [물리 공격형] @ 메타그로스나이트 | 특성:클리어바디 | 고집 | H2 A32 S32 | 불릿펀치, 사이코팽, 냉동펀치, 지진
 2.39%  하마돈 [물리막이 (물리 공격)] @ 자뭉열매 | 특성:모래날림 | 장난꾸러기 | H32 B32 D2 | 지진, 스텔스록, 하품, 게으름피우기
 2.12%  메가리자몽Y [특수 공격형] @ 리자몽나이트Y | 특성:맹화 | 조심 | H2 C32 S32 | 솔라빔, 화염방사, 에어슬래시, 웨더볼
 1.91%  타부자고 [특수 공격형] @ 풍선 | 특성:황금몸 | 조심 | H2 C32 S32 | 섀도볼, HP회복, 골드러시, 나쁜음모
 1.76%  메가보만다 [물리 공격형] @ 보만다나이트 | 특성:위협 | 고집 | H1 A32 B1 S32 | 이판사판태클, 지진, 날개쉬기, 용의춤
 1.70%  아머까오 [물리막이 (물리 공격)] @ 먹다남은음식 | 특성:프레셔 | 장난꾸러기 | H32 B32 D2 | 바디프레스, 철벽, 유턴, 날개쉬기
 1.61%  대쓰여너 (수컷의 모습) [물리 공격형] @ 구애스카프 | 특성:적응력 | 고집 | H2 A32 S32 | 웨이브태클, 성묘, 퀵턴, 아쿠아제트
 1.60%  메가갑주무사 [물리 공격형] @ 갑주무사나이트 | 특성:위기회피 | 고집 | H32 A32 D2 | 만나자마자, 기습, 아이언헤드, 흡혈
 1.58%  킬가르도 (실드폼) [물리 공격형] @ 먹다남은음식 | 특성:배틀스위치 | 고집 | H32 A32 B1 D1 | 야습, 폴터가이스트, 성스러운칼, 킹실드
 1.50%  메가마폭시 [특수 공격형] @ 마폭시나이트 | 특성:맹화 | 겁쟁이 | H2 C32 S32 | 화염방사, 사이코키네시스, 나쁜음모, 매지컬샤인
 1.47%  삼삼드래 [비정형(투자 불일치)] @ 구애스카프 | 특성:부유 | 조심 | H2 C32 S32 | 악의파동, 용성군, 화염방사, 유턴
 1.34%  메가망나뇽 [특수 공격형] @ 망나뇽나이트 | 특성:멀티스케일 | 조심 | H1 B1 C32 S32 | 용성군, 에어슬래시, 날개쉬기, 화염방사
 1.31%  대도각참 [물리 공격형] @ 검은안경 | 특성:총대장 | 고집 | H32 A32 B2 | 도각참, 기습, 칼춤, 아이언헤드
 1.28%  님피아 [비정형(투자 불일치)] @ 요정의깃털 | 특성:페어리스킨 | 조심 | H32 C32 S2 | 파괴광선, 하이퍼보이스, 판별, 전광석화
 1.25%  메가루카리오Z [특수 공격형] @ 루카리오나이트Z | 특성:정신력 | 겁쟁이 | H2 C32 S32 | 파동탄, 러스터캐논, 악의파동, 나쁜음모
```

## 1:1 층 검증: 시뮬레이션 ↔ op.gg 실전 승패 신호 E

상위 50종, E 가 있는 1045쌍. 구간은 **종 단위 군집 부트스트랩** 95%입니다(쌍들이 종을 공유해 쌍 독립 가정은 불확실성을 과소추정).

| 예측자                       | ρ(·, E) | 95% 구간           |
|---------------------------|---------|------------------|
| 1:1 시뮬레이터                 | +0.672  | [+0.589, +0.740] |
| 기준선: 타입 상성(각자 자속 최대 배율 차) | +0.520  | [+0.406, +0.620] |
| **증분**: 시뮬 − 기준선          | +0.152  | [+0.063, +0.247] |
| 타입을 통제한 부분상관              | +0.546  | —                |

종 고정 분할(시드 20260926): A 묶음(조정용) ρ = +0.658 (241쌍) · **B 묶음(보류용) ρ = +0.735** (266쌍)

해석 지침
- 버전 간 ρ 차이가 위 구간 폭(약 ±0.1)보다 작으면 **개선이라고 말할 수 없습니다**.
- 이 지표로 엔진 규칙을 여러 번 조정해 왔으므로 전체 ρ 는 더 이상 표본 외 지표가 아닙니다. 앞으로 조정 판단은 A 묶음으로만 하고, B 묶음은 보고에만 씁니다.
- E 는 순위 목록에서 만든 신호라 매치업 승률의 추정량이 아니며, 1:1 층만 검증합니다(팀·선출 층은 미검증).
저장: C:\Users\goning\Documents\champions-backdata\out\check_20260928_1046.md
