[sensitivity] 구성 요소 행렬 471 × 345 계산…
[sensitivity] 구성 요소로 다시 만든 기준 행렬과 캐시 행렬의 최대 차이 0.0000
  기준(λ 0.2 · 교체 0.2 · 선형): 누리레느 / 갑주무사 / 브리두라스 / 따라큐 / 에이스번 / 망나뇽
  실전 신호 λ = 0: 갑주무사 / 브리두라스 / 따라큐 / 갸라도스 / 에이스번 / 망나뇽
  실전 신호 λ = 0.4: 갑주무사 / 따라큐 / 에이스번 / 망나뇽 / 밀로틱 / 미끄래곤
  교체 등장 가중 0(정면만): 누리레느 / 갑주무사 / 따라큐 / 에이스번 / 불카모스 / 망나뇽
  교체 등장 가중 0.1: 누리레느 / 갑주무사 / 따라큐 / 에이스번 / 불카모스 / 망나뇽
  교체 등장 가중 0.3: 누리레느 / 갑주무사 / 브리두라스 / 따라큐 / 에이스번 / 망나뇽
  효용 척도: 승패 부호만: 브리두라스 / 따라큐 / 갸라도스 / 에이스번 / 망나뇽 / 입치트
# 민감도 분석 — 모델 가정을 바꿨을 때 추천 파티 (수집 2026-09-24)

가정을 하나씩 바꿔 같은 탐색(재시작 → 이웃 → 정확값 재정렬)을 돌렸습니다. 동률·무답 규칙은 빼고 정확값 1위를 적습니다.

| 가정                      | 추천 파티                                  |
|-------------------------|----------------------------------------|
| 기준(λ 0.2 · 교체 0.2 · 선형) | 누리레느 / 갑주무사 / 브리두라스 / 따라큐 / 에이스번 / 망나뇽 |
| 실전 신호 λ = 0             | 갑주무사 / 브리두라스 / 따라큐 / 갸라도스 / 에이스번 / 망나뇽 |
| 실전 신호 λ = 0.4           | 갑주무사 / 따라큐 / 에이스번 / 망나뇽 / 밀로틱 / 미끄래곤   |
| 교체 등장 가중 0(정면만)         | 누리레느 / 갑주무사 / 따라큐 / 에이스번 / 불카모스 / 망나뇽  |
| 교체 등장 가중 0.1            | 누리레느 / 갑주무사 / 따라큐 / 에이스번 / 불카모스 / 망나뇽  |
| 교체 등장 가중 0.3            | 누리레느 / 갑주무사 / 브리두라스 / 따라큐 / 에이스번 / 망나뇽 |
| 효용 척도: 승패 부호만           | 브리두라스 / 따라큐 / 갸라도스 / 에이스번 / 망나뇽 / 입치트  |

## 멤버별 생존 비율 (7개 변형 중)

| 포켓몬   | 살아남은 변형 |       |
|-------|---------|-------|
| 따라큐   | 7/7     | 기준 파티 |
| 에이스번  | 7/7     | 기준 파티 |
| 망나뇽   | 7/7     | 기준 파티 |
| 갑주무사  | 6/7     | 기준 파티 |
| 누리레느  | 4/7     | 기준 파티 |
| 브리두라스 | 4/7     | 기준 파티 |
| 갸라도스  | 2/7     |       |
| 불카모스  | 2/7     |       |
| 밀로틱   | 1/7     |       |
| 미끄래곤  | 1/7     |       |
| 입치트   | 1/7     |       |

해석: 모든 변형에서 살아남는 멤버가 추천의 단단한 부분이고, 나머지 자리는 근거가 약한 가정(λ, 교체 가중, 척도)에 달려 있습니다. 부트스트랩 '선택 빈도'는 상대 표본 불확실성만 담으므로 이 표와 함께 보세요.
저장: C:\Users\goning\Documents\champions-backdata\out\sensitivity_20260926_1151.md
