[team] 카드 600장 · 상대 개체 345 · 레플리카 싱글 팀 484개로 탐색
  재시작 1/4: +0.2607
  재시작 2/4: +0.2584
  재시작 3/4: +0.2607
  재시작 4/4: +0.2607
[team] 후보 18팀을 혼합전략 균형값으로 재정렬…
# 추천 파티 — 싱글 M-6 (op.gg 수집 2026-09-24)

풀: 싱글 순위 전 종 (262종) · 상대 표본: 레플리카 싱글 팀 484개 · 카드 600장

## 이 파티를 쓰세요

팀 값 **+0.2612** (±0.0062) · 부트스트랩 1위 확률 17% · 무답 노출 0.0%

```
갑주무사 @ 갑주무사나이트 | 물리 공격형 | 고집 | 32/32/2/0/0/0 | 아이언헤드, 벌크업, 기습, 흡혈
따라큐 @ 달인의띠 | 물리 공격형 | 고집 | 32/32/2/0/0/0 | 치근거리기, 야습, 칼춤, 고스트다이브
에이스번 @ 생명의구슬 | 물리 공격형 | 고집 | 2/32/0/0/0/32 | 화염볼, 무릎차기, 더스트슈트, 기습
망나뇽 @ 울퉁불퉁멧 | 물리 내구형 | 장난꾸러기 | 32/0/32/0/2/0 | 역린, 신속, 지진, 공중날기
이상해꽃 @ 기합의띠 | 특수 공격형 | 조심 | 32/0/2/32/0/0 | 대지의힘, 수면가루, 기가드레인, 오물웨이브
샤미드 @ 자뭉열매 | 특수 내구형 | 대담 | 32/0/32/0/2/0 | 희망사항, 파도타기, 녹기, 명상
```

```
메가갑주무사 [물리 공격형] @ 갑주무사나이트 | 고집 | H32 A32 B2 | 아이언헤드, 벌크업, 기습, 흡혈   (실능 182/222/197/81/140/60)   (메타 상대 점수 +0.492 · 싱글 5위 · 레플리카 47팀)
따라큐 [물리 공격형] @ 달인의띠 | 고집 | H32 A32 B2 | 치근거리기, 야습, 칼춤, 고스트다이브   (실능 162/156/102/63/125/116)   (메타 상대 점수 +0.188 · 싱글 11위 · 레플리카 89팀)
에이스번 [물리 공격형] @ 생명의구슬 | 고집 | H2 A32 S32 | 화염볼, 무릎차기, 더스트슈트, 기습   (실능 157/184/95/76/95/171)   (메타 상대 점수 +0.325 · 싱글 16위 · 레플리카 8팀)
망나뇽 [물리 내구형] @ 울퉁불퉁멧 | 장난꾸러기 | H32 B32 D2 | 역린, 신속, 지진, 공중날기   (실능 198/154/161/108/122/100)   (메타 상대 점수 +0.251 · 싱글 29위 · 레플리카 60팀)
이상해꽃 [특수 공격형] @ 기합의띠 | 조심 | H32 B2 C32 | 대지의힘, 수면가루, 기가드레인, 오물웨이브   (실능 187/91/105/167/120/100)   (메타 상대 점수 +0.257 · 싱글 62위 · 레플리카 24팀)
샤미드 [특수 내구형] @ 자뭉열매 | 대담 | H32 B32 D2 | 희망사항, 파도타기, 녹기, 명상   (실능 237/76/123/130/117/85)   (메타 상대 점수 +0.307 · 싱글 92위 · 레플리카 6팀)
```

⚠ 표본이 얇은 멤버: 이상해꽃(싱글 62위, 레플리카 24팀), 샤미드(싱글 92위, 레플리카 6팀) — 상대 세트·승패 신호가 적어 값의 불확실성이 큽니다. 아래 후보 표의 대안과 같이 보세요.

## 통계적으로 구분되지 않는 후보들

| 팀 값     | ±SE    | 1위 확률 | 무답 노출 | 구성                                                                   |
|---------|--------|-------|-------|----------------------------------------------------------------------|
| +0.2638 | 0.0065 | 36%   | 1.5%  | 메가갑주무사 / 따라큐@생명의구슬 / 에이스번@기합의띠 / 망나뇽@울퉁불퉁멧 / 샤미드@자뭉열매 / 플라제스@먹다남은음식  |
| +0.2630 | 0.0058 | 28%   | 0.9%  | 메가갑주무사 / 따라큐@생명의구슬 / 에이스번@기합의띠 / 망나뇽@울퉁불퉁멧 / 미끄래곤@자뭉열매 / 플라제스@먹다남은음식 |
| +0.2627 | 0.0063 | 16%   | 0.8%  | 메가갑주무사 / 브리두라스@구애스카프 / 따라큐@생명의구슬 / 에이스번@기합의띠 / 망나뇽@울퉁불퉁멧 / 샤미드@자뭉열매  |
| +0.2612 | 0.0062 | 17%   | 0.0%  | 메가갑주무사 / 따라큐@달인의띠 / 에이스번@생명의구슬 / 망나뇽@울퉁불퉁멧 / 이상해꽃@기합의띠 / 샤미드@자뭉열매    |
| +0.2595 | 0.0069 | 1%    | 1.9%  | 메가갑주무사 / 따라큐@생명의구슬 / 에이스번@기합의띠 / 아머까오@먹다남은음식 / 망나뇽@울퉁불퉁멧 / 샤미드@자뭉열매  |
| +0.2594 | 0.0060 | 1%    | 0.8%  | 누리레느@자뭉열매 / 메가갑주무사 / 따라큐@생명의구슬 / 에이스번@기합의띠 / 망나뇽@울퉁불퉁멧 / 플라제스@먹다남은음식 |
| +0.2593 | 0.0064 | 1%    | 0.9%  | 메가갑주무사 / 따라큐@생명의구슬 / 에이스번@기합의띠 / 망나뇽@울퉁불퉁멧 / 더시마사리@먹다남은음식 / 샤미드@자뭉열매 |
| +0.2587 | 0.0065 | 0%    | 1.2%  | 메가갑주무사 / 따라큐@생명의구슬 / 에이스번@기합의띠 / 망나뇽@울퉁불퉁멧 / 샤미드@자뭉열매 / 윈디@먹다남은음식    |
| +0.2587 | 0.0064 | 0%    | 0.7%  | 메가갑주무사 / 따라큐@생명의구슬 / 에이스번@기합의띠 / 망나뇽@울퉁불퉁멧 / 가디안@먹다남은음식 / 샤미드@자뭉열매   |
| +0.2585 | 0.0066 | 0%    | 1.9%  | 메가갑주무사 / 따라큐@생명의구슬 / 에이스번@기합의띠 / 망나뇽@울퉁불퉁멧 / 샤미드@자뭉열매 / 캥카@실크스카프     |

## 이 파티가 가장 버거운 상대 (내 최선의 답 기준)

| 상대         | 조우 비중 | 최선 값  | 최선의 답 |
|------------|-------|-------|-------|
| 갑주무사 (메가)  | 1.54% | +0.49 | 망나뇽   |
| 망나뇽        | 0.65% | +0.50 | 갑주무사  |
| 망나뇽 (메가)   | 1.40% | +0.51 | 따라큐   |
| 헤라크로스 (메가) | 0.07% | +0.54 | 에이스번  |
| 빠르모트       | 0.23% | +0.54 | 따라큐   |
| 킬라플로르 (메가) | 0.17% | +0.55 | 갑주무사  |
| 대짱이 (메가)   | 0.48% | +0.56 | 갑주무사  |
| 아머까오       | 1.65% | +0.57 | 에이스번  |

값: 1:1 끝장 시뮬레이션(정면 60% + 교체 등장 40%)을 op.gg 실전 승패 순위와 8:2 로 섞은 상성으로 만든 3/6 선출 게임(20×20)의 혼합전략 균형값을 상대 팀 표본에 대해 평균. 승률 예측이 아니다.

저장: C:\Users\goning\Documents\champions-backdata\out\team_20260924_0938.md
파티 파일: C:\Users\goning\Documents\champions-backdata\out\recommended_party.txt  (moves / pick / switch 에 --party 로 넣을 수 있음)
