[tier] 시즌 m-6 싱글 262종
  [replica] 10/48쪽
  [replica] 20/48쪽
  [replica] 30/48쪽
  [replica] 40/48쪽
[replica] 팀 479개 (싱글 479)
  [pokedex] 10/150
  [pokedex] 20/150
  [pokedex] 30/150
  [pokedex] 40/150
  [pokedex] 50/150
  [pokedex] 60/150
  [pokedex] 70/150
  [pokedex] 80/150
  [pokedex] 90/150
  [pokedex] 100/150
  [pokedex] 110/150
  [pokedex] 120/150
  [pokedex] 130/150
  [pokedex] 140/150
  [pokedex] 150/150
[pokedex] 150/150종 저장 → C:\Users\goning\Documents\champions-backdata\data\raw\2026-09-23
