[tier] 시즌 m-6 싱글 262종
  [replica] 10/49쪽
  [replica] 20/49쪽
  [replica] 30/49쪽
  [replica] 40/49쪽
[replica] 팀 485개 (싱글 485)
  [pokedex] 10/262
  [pokedex] 20/262
  [pokedex] 30/262
  [pokedex] 40/262
  [pokedex] 50/262
  [pokedex] 60/262
  [pokedex] 70/262
  [pokedex] 80/262
  [pokedex] 90/262
  [pokedex] 100/262
  [pokedex] 110/262
  [pokedex] 120/262
  [pokedex] 130/262
  [pokedex] 140/262
  [pokedex] 150/262
  [pokedex] 160/262
  [pokedex] 170/262
  [pokedex] 180/262
  [pokedex] 190/262
  [pokedex] 200/262
  [pokedex] 210/262
  [pokedex] 220/262
  [pokedex] 230/262
  [pokedex] 240/262
  [pokedex] 250/262
  [pokedex] 260/262
[pokedex] 262/262종 저장 → C:\Users\goning\Documents\champions-backdata\data\raw\2026-09-24
